<html>
<body>
<pre>
<h1>µVision Build Log</h1>
<h2>Project:</h2>
D:\Dokumenty\Keil\PPRSW\FreeRTOSv10.2.0\FreeRTOS\Demo\ARM7_LPC2129_Keil_RVDS\RTOSDemo.uvproj
Project File Date:  03/20/2019

<h2>Output:</h2>
Build target 'RTOSDemo_THUMB'
compiling main.c...
linking...
Program Size: Code=9764 RO-data=32 RW-data=92 ZI-data=8060  
FromELF: creating hex file...
".\bin\RTOSDemo.axf" - 0 Error(s), 0 Warning(s).
</pre>
</body>
</html>
e: Code=9736 RO-data=32 RW-data=92 ZI-data=8036  
FromELF: creating hex file...
".\bin\RTOSDemo.axf" - 0 Error(s), 1 Warning(s).
=8036  
FromELF: creating hex file...
".\bin\RTOSDemo.axf" - 0 Error(s), 0 Warning(s).
