<html>
<body>
<pre>
<h1>µVision Build Log</h1>
<h2>Project:</h2>
C:\Users\student\Documents\Keil\PPRSW\FreeRTOSv10.2.0\FreeRTOS\Demo\ARM7_LPC2129_Keil_RVDS\RTOSDemo.uvproj
Project File Date:  03/20/2019

<h2>Output:</h2>
Build target 'RTOSDemo_THUMB'
compiling main.c...
assembling portASM.s...
linking...
Program Size: Code=9728 RO-data=32 RW-data=124 ZI-data=8028  
FromELF: creating hex file...
".\bin\RTOSDemo.axf" - 0 Errors, 0 Warning(s).
Build target 'RTOSDemo_THUMB'
compiling main.c...
linking...
Program Size: Code=9748 RO-data=32 RW-data=124 ZI-data=8028  
FromELF: creating hex file...
".\bin\RTOSDemo.axf" - 0 Errors, 0 Warning(s).
Build target 'RTOSDemo_THUMB'
linking...
Program Size: Code=9748 RO-data=32 RW-data=124 ZI-data=8028  
FromELF: creating hex file...
".\bin\RTOSDemo.axf" - 0 Errors, 0 Warning(s).
Build target 'RTOSDemo_THUMB'
compiling main.c...
linking...
Program Size: Code=9748 RO-data=32 RW-data=116 ZI-data=8044  
FromELF: creating hex file...
".\bin\RTOSDemo.axf" - 0 Errors, 0 Warning(s).
Build target 'RTOSDemo_THUMB'
compiling main.c...
linking...
Program Size: Code=9748 RO-data=32 RW-data=116 ZI-data=8044  
FromELF: creating hex file...
".\bin\RTOSDemo.axf" - 0 Errors, 0 Warning(s).
Build target 'RTOSDemo_THUMB'
compiling main.c...
linking...
Program Size: Code=9748 RO-data=32 RW-data=120 ZI-data=8024  
FromELF: creating hex file...
".\bin\RTOSDemo.axf" - 0 Errors, 0 Warning(s).
Build target 'RTOSDemo_THUMB'
compiling main.c...
main.c(8): warning:  #2969-D: "\" followed by white space is not a line splice
main.c(8): error:  #7: unrecognized token
main.c(8): error:  #169: expected a declaration
main.c(24): error:  #20: identifier "uiExeTime" is undefined
main.c(27): error:  #20: identifier "uiStartTick" is undefined
".\bin\RTOSDemo.axf" - 4 Errors, 1 Warning(s).
Target not created
Build target 'RTOSDemo_THUMB'
compiling main.c...
main.c(8): warning:  #2969-D: "\" followed by white space is not a line splice
main.c(8): error:  #7: unrecognized token
main.c(8): error:  #169: expected a declaration
main.c(24): error:  #20: identifier "uiExeTime" is undefined
main.c(27): error:  #20: identifier "uiStartTick" is undefined
".\bin\RTOSDemo.axf" - 4 Errors, 1 Warning(s).
Target not created
Build target 'RTOSDemo_THUMB'
compiling main.c...
main.c(8): warning:  #2969-D: "\" followed by white space is not a line splice
main.c(8): error:  #7: unrecognized token
main.c(8): error:  #169: expected a declaration
main.c(24): error:  #20: identifier "uiExeTime" is undefined
main.c(27): error:  #20: identifier "uiStartTick" is undefined
".\bin\RTOSDemo.axf" - 4 Errors, 1 Warning(s).
Target not created
Build target 'RTOSDemo_THUMB'
compiling main.c...
main.c(8): warning:  #2969-D: "\" followed by white space is not a line splice
main.c(8): error:  #7: unrecognized token
main.c(8): error:  #169: expected a declaration
main.c(24): error:  #20: identifier "uiExeTime" is undefined
main.c(27): error:  #20: identifier "uiStartTick" is undefined
".\bin\RTOSDemo.axf" - 4 Errors, 1 Warning(s).
Target not created
Build target 'RTOSDemo_THUMB'
compiling main.c...
main.c(8): warning:  #2969-D: "\" followed by white space is not a line splice
main.c(8): error:  #7: unrecognized token
main.c(8): error:  #169: expected a declaration
main.c(24): error:  #20: identifier "uiExeTime" is undefined
main.c(27): error:  #20: identifier "uiStartTick" is undefined
".\bin\RTOSDemo.axf" - 4 Errors, 1 Warning(s).
Target not created
Build target 'RTOSDemo_THUMB'
compiling main.c...
main.c(8): warning:  #2969-D: "\" followed by white space is not a line splice
main.c(8): error:  #7: unrecognized token
main.c(8): error:  #169: expected a declaration
main.c(24): error:  #20: identifier "uiExeTime" is undefined
main.c(27): error:  #20: identifier "uiStartTick" is undefined
".\bin\RTOSDemo.axf" - 4 Errors, 1 Warning(s).
Target not created
Build target 'RTOSDemo_THUMB'
compiling main.c...
main.c(8): warning:  #2969-D: "\" followed by white space is not a line splice
main.c(8): error:  #7: unrecognized token
main.c(8): error:  #169: expected a declaration
main.c(24): error:  #20: identifier "uiExeTime" is undefined
main.c(27): error:  #20: identifier "uiStartTick" is undefined
".\bin\RTOSDemo.axf" - 4 Errors, 1 Warning(s).
Target not created
Build target 'RTOSDemo_THUMB'
compiling main.c...
main.c(8): warning:  #2969-D: "\" followed by white space is not a line splice
main.c(8): error:  #7: unrecognized token
main.c(8): error:  #169: expected a declaration
main.c(24): error:  #20: identifier "uiExeTime" is undefined
main.c(27): error:  #20: identifier "uiStartTick" is undefined
".\bin\RTOSDemo.axf" - 4 Errors, 1 Warning(s).
Target not created
Build target 'RTOSDemo_THUMB'
compiling main.c...
main.c(8): warning:  #2969-D: "\" followed by white space is not a line splice
main.c(8): error:  #7: unrecognized token
main.c(8): error:  #169: expected a declaration
main.c(24): error:  #20: identifier "uiExeTime" is undefined
main.c(27): error:  #20: identifier "uiStartTick" is undefined
".\bin\RTOSDemo.axf" - 4 Errors, 1 Warning(s).
Target not created
Build target 'RTOSDemo_THUMB'
compiling main.c...
linking...
Program Size: Code=9748 RO-data=32 RW-data=120 ZI-data=8024  
FromELF: creating hex file...
".\bin\RTOSDemo.axf" - 0 Errors, 0 Warning(s).
Build target 'RTOSDemo_THUMB'
compiling main.c...
linking...
Program Size: Code=9748 RO-data=32 RW-data=120 ZI-data=8024  
FromELF: creating hex file...
".\bin\RTOSDemo.axf" - 0 Errors, 0 Warning(s).
Build target 'RTOSDemo_THUMB'
linking...
Program Size: Code=9748 RO-data=32 RW-data=120 ZI-data=8024  
FromELF: creating hex file...
".\bin\RTOSDemo.axf" - 0 Errors, 0 Warning(s).
Build target 'RTOSDemo_THUMB'
compiling main.c...
linking...
Program Size: Code=9776 RO-data=32 RW-data=612 ZI-data=8028  
FromELF: creating hex file...
".\bin\RTOSDemo.axf" - 0 Errors, 0 Warning(s).
Build target 'RTOSDemo_THUMB'
linking...
Program Size: Code=9776 RO-data=32 RW-data=612 ZI-data=8028  
FromELF: creating hex file...
".\bin\RTOSDemo.axf" - 0 Errors, 0 Warning(s).
Build target 'RTOSDemo_THUMB'
compiling main.c...
linking...
Program Size: Code=9748 RO-data=32 RW-data=144 ZI-data=8024  
FromELF: creating hex file...
".\bin\RTOSDemo.axf" - 0 Errors, 0 Warning(s).
Build target 'RTOSDemo_THUMB'
compiling main.c...
linking...
Program Size: Code=9788 RO-data=32 RW-data=100 ZI-data=8068  
FromELF: creating hex file...
".\bin\RTOSDemo.axf" - 0 Errors, 0 Warning(s).
Build target 'RTOSDemo_THUMB'
compiling main.c...
linking...
Program Size: Code=9780 RO-data=32 RW-data=100 ZI-data=8028  
FromELF: creating hex file...
".\bin\RTOSDemo.axf" - 0 Errors, 0 Warning(s).
Build target 'RTOSDemo_THUMB'
compiling main.c...
linking...
Program Size: Code=9780 RO-data=32 RW-data=100 ZI-data=8028  
FromELF: creating hex file...
".\bin\RTOSDemo.axf" - 0 Errors, 0 Warning(s).
Build target 'RTOSDemo_THUMB'
compiling main.c...
linking...
Program Size: Code=9780 RO-data=32 RW-data=100 ZI-data=8028  
FromELF: creating hex file...
".\bin\RTOSDemo.axf" - 0 Errors, 0 Warning(s).
Build target 'RTOSDemo_THUMB'
compiling main.c...
linking...
Program Size: Code=9768 RO-data=32 RW-data=100 ZI-data=8028  
FromELF: creating hex file...
".\bin\RTOSDemo.axf" - 0 Errors, 0 Warning(s).
Build target 'RTOSDemo_THUMB'
compiling main.c...
main.c(22): warning:  #177-D: variable "cTimeCount" was declared but never referenced
linking...
Program Size: Code=9756 RO-data=32 RW-data=100 ZI-data=8028  
FromELF: creating hex file...
".\bin\RTOSDemo.axf" - 0 Errors, 1 Warning(s).
Build target 'RTOSDemo_THUMB'
compiling main.c...
linking...
Program Size: Code=9756 RO-data=32 RW-data=100 ZI-data=8028  
FromELF: creating hex file...
".\bin\RTOSDemo.axf" - 0 Errors, 0 Warning(s).
Build target 'RTOSDemo_THUMB'
compiling main.c...
linking...
Program Size: Code=9756 RO-data=32 RW-data=100 ZI-data=8028  
FromELF: creating hex file...
".\bin\RTOSDemo.axf" - 0 Errors, 0 Warning(s).
Build target 'RTOSDemo_THUMB'
compiling main.c...
linking...
Program Size: Code=9736 RO-data=32 RW-data=100 ZI-data=8028  
FromELF: creating hex file...
".\bin\RTOSDemo.axf" - 0 Errors, 0 Warning(s).
Build target 'RTOSDemo_THUMB'
compiling main.c...
linking...
Program Size: Code=9740 RO-data=32 RW-data=92 ZI-data=8028  
FromELF: creating hex file...
".\bin\RTOSDemo.axf" - 0 Errors, 0 Warning(s).
Build target 'RTOSDemo_THUMB'
compiling main.c...
linking...
Program Size: Code=9740 RO-data=32 RW-data=92 ZI-data=8028  
FromELF: creating hex file...
".\bin\RTOSDemo.axf" - 0 Errors, 0 Warning(s).
Build target 'RTOSDemo_THUMB'
compiling main.c...
main.c(20): warning:  #550-D: variable "uiExeTime" was set but never used
linking...
Program Size: Code=9732 RO-data=32 RW-data=92 ZI-data=8028  
FromELF: creating hex file...
".\bin\RTOSDemo.axf" - 0 Errors, 1 Warning(s).
Build target 'RTOSDemo_THUMB'
compiling main.c...
main.c(20): warning:  #550-D: variable "uiExeTime" was set but never used
linking...
Program Size: Code=9732 RO-data=32 RW-data=92 ZI-data=8028  
FromELF: creating hex file...
".\bin\RTOSDemo.axf" - 0 Errors, 1 Warning(s).
Build target 'RTOSDemo_THUMB'
compiling main.c...
linking...
Program Size: Code=9740 RO-data=32 RW-data=92 ZI-data=8028  
FromELF: creating hex file...
".\bin\RTOSDemo.axf" - 0 Errors, 0 Warning(s).
Build target 'RTOSDemo_THUMB'
compiling main.c...
linking...
Program Size: Code=9748 RO-data=32 RW-data=92 ZI-data=8028  
FromELF: creating hex file...
".\bin\RTOSDemo.axf" - 0 Errors, 0 Warning(s).
Build target 'RTOSDemo_THUMB'
compiling main.c...
linking...
Program Size: Code=9748 RO-data=32 RW-data=92 ZI-data=8028  
FromELF: creating hex file...
".\bin\RTOSDemo.axf" - 0 Errors, 0 Warning(s).
Build target 'RTOSDemo_THUMB'
compiling main.c...
main.c(20): warning:  #550-D: variable "uiExeTime" was set but never used
linking...
Program Size: Code=9736 RO-data=32 RW-data=92 ZI-data=8028  
FromELF: creating hex file...
".\bin\RTOSDemo.axf" - 0 Errors, 1 Warning(s).
Build target 'RTOSDemo_THUMB'
compiling main.c...
main.c(20): warning:  #550-D: variable "uiExeTime" was set but never used
linking...
Program Size: Code=9724 RO-data=32 RW-data=92 ZI-data=8028  
FromELF: creating hex file...
".\bin\RTOSDemo.axf" - 0 Errors, 1 Warning(s).
Build target 'RTOSDemo_THUMB'
compiling main.c...
linking...
Program Size: Code=9732 RO-data=32 RW-data=92 ZI-data=8028  
FromELF: creating hex file...
".\bin\RTOSDemo.axf" - 0 Errors, 0 Warning(s).
Build target 'RTOSDemo_THUMB'
compiling main.c...
linking...
Program Size: Code=9732 RO-data=32 RW-data=92 ZI-data=8028  
FromELF: creating hex file...
".\bin\RTOSDemo.axf" - 0 Errors, 0 Warning(s).
Build target 'RTOSDemo_THUMB'
compiling main.c...
linking...
Program Size: Code=9748 RO-data=32 RW-data=92 ZI-data=8028  
FromELF: creating hex file...
".\bin\RTOSDemo.axf" - 0 Errors, 0 Warning(s).
Build target 'RTOSDemo_THUMB'
compiling main.c...
linking...
Program Size: Code=9748 RO-data=32 RW-data=92 ZI-data=8028  
FromELF: creating hex file...
".\bin\RTOSDemo.axf" - 0 Errors, 0 Warning(s).
Build target 'RTOSDemo_THUMB'
compiling main.c...
linking...
Program Size: Code=9748 RO-data=32 RW-data=92 ZI-data=8028  
FromELF: creating hex file...
".\bin\RTOSDemo.axf" - 0 Errors, 0 Warning(s).
Build target 'RTOSDemo_THUMB'
compiling main.c...
linking...
Program Size: Code=9736 RO-data=32 RW-data=92 ZI-data=8028  
FromELF: creating hex file...
".\bin\RTOSDemo.axf" - 0 Errors, 0 Warning(s).
Build target 'RTOSDemo_THUMB'
compiling main.c...
linking...
Program Size: Code=9744 RO-data=32 RW-data=92 ZI-data=8028  
FromELF: creating hex file...
".\bin\RTOSDemo.axf" - 0 Errors, 0 Warning(s).
Build target 'RTOSDemo_THUMB'
linking...
Program Size: Code=9744 RO-data=32 RW-data=92 ZI-data=8028  
FromELF: creating hex file...
".\bin\RTOSDemo.axf" - 0 Errors, 0 Warning(s).
Build target 'RTOSDemo_THUMB'
compiling main.c...
linking...
Program Size: Code=9748 RO-data=32 RW-data=92 ZI-data=8028  
FromELF: creating hex file...
".\bin\RTOSDemo.axf" - 0 Errors, 0 Warning(s).
Build target 'RTOSDemo_THUMB'
compiling main.c...
linking...
Program Size: Code=9748 RO-data=32 RW-data=92 ZI-data=8028  
FromELF: creating hex file...
".\bin\RTOSDemo.axf" - 0 Errors, 0 Warning(s).
