<html>
<body>
<pre>
<h1>µVision Build Log</h1>
<h2>Project:</h2>
C:\Users\student\Documents\Keil\PPRSW\FreeRTOSv10.2.0\FreeRTOS\Demo\ARM7_LPC2129_Keil_RVDS\RTOSDemo.uvproj
Project File Date:  03/13/2019

<h2>Output:</h2>
Build target 'RTOSDemo_THUMB'
compiling led.c...
linking...
Program Size: Code=7112 RO-data=32 RW-data=92 ZI-data=8028  
FromELF: creating hex file...
".\bin\RTOSDemo.axf" - 0 Errors, 0 Warning(s).
Build target 'RTOSDemo_THUMB'
compiling led.c...
linking...
Program Size: Code=7112 RO-data=32 RW-data=92 ZI-data=8028  
FromELF: creating hex file...
".\bin\RTOSDemo.axf" - 0 Errors, 0 Warning(s).
Build target 'RTOSDemo_THUMB'
linking...
Program Size: Code=7112 RO-data=32 RW-data=92 ZI-data=8028  
FromELF: creating hex file...
".\bin\RTOSDemo.axf" - 0 Errors, 0 Warning(s).
