<html>
<body>
<pre>
<h1>µVision Build Log</h1>
<h2>Project:</h2>
D:\Dokumenty\Keil\PPRSW\FreeRTOSv10.2.0\FreeRTOS\Demo\ARM7_LPC2129_Keil_RVDS\RTOSDemo.uvproj
Project File Date:  03/17/2019

<h2>Output:</h2>
Build target 'RTOSDemo_THUMB'
compiling main.c...
linking...
Program Size: Code=9748 RO-data=32 RW-data=124 ZI-data=8028  
FromELF: creating hex file...
".\bin\RTOSDemo.axf" - 0 Error(s), 0 Warning(s).
</pre>
</body>
</html>
W-data=124 ZI-data=8028  
FromELF: creating hex file...
".\bin\RTOSDemo.axf" - 0 Error(s), 1 Warning(s).
 "OK" has already been declared in the current scope
  enum Result {OK, ERROR};
string.c(6): error:  #101: "ERROR" has already been declared in the current scope
  enum Result {OK, ERROR};
string.c(28): error:  #20: identifier "DIFFERENT" is undefined
        return DIFFERENT;
string.c(74): error:  #147-D: declaration is incompatible with "enum Result eHexStringToUInt(char *, unsigned int *)" (declared at line 14 of "string.h")
  enum Result eHexStringToUInt(char pcStr[], unsigned int *puiValue) {
string.c: 1 warning, 5 errors
".\bin\RTOSDemo.axf" - 5 Error(s), 1 Warning(s).
Target not created
